Loading plugins phase: Elapsed time ==> 0s.284ms
Initializing data phase: Elapsed time ==> 3s.214ms
<CYPRESSTAG name="CyDsfit arguments...">
cydsfit arguments: -.fdsnotice -.fdswarpdepfile=warp_dependencies.txt -.fdselabdepfile=elab_dependencies.txt -.fdsbldfile=generated_files.txt -p C:\Users\Steve\Desktop\Projects\MarsRover\BYU-Mars-Rover\PSoC4_printf\PSoC4_printf.cydsn\PSoC4_printf.cyprj -d CY8C4245AXI-483 -s C:\Users\Steve\Desktop\Projects\MarsRover\BYU-Mars-Rover\PSoC4_printf\PSoC4_printf.cydsn\Generated_Source\PSoC4 -- -yv2 -v3 -ygs -q10 -o2 -.fftcfgtype=LE</CYPRESSTAG>
<CYPRESSTAG name="Design elaboration results...">
ADD: sdb.M0059: error: Error in component: cy_boot. The cy_boot_v3_40 component (cy_boot) is an Obsolete component. It is no longer recommended for use and should be replaced with a production version of the component (or an alternative implementation).

</CYPRESSTAG>
Elaboration phase: Elapsed time ==> 9s.873ms
Error: cdf.M0005: CyDsFit aborted due to errors, please address all errors and rerun CyDsFit. (App=cydsfit)
